

// kullanıcı adı yaratma
erncn@Quicks MINGW64 ~/Desktop (master)
$ git config --global user.name "Erencan Cabuk"

// email yaratma
erncn@Quicks MINGW64 ~/Desktop (master)
$ git config --global user.email "erncncbk@gmail.com"

// yaratılanları gösterme
erncn@Quicks MINGW64 ~/Desktop (master)
$ git config --global user.name
Erencan Cabuk

erncn@Quicks MINGW64 ~/Desktop (master)
$ git config --global user.email
erncncbk@gmail.com

// dosya dizinine gitme
erncn@Quicks MINGW64 ~/Desktop (master)
$ pwd
/c/Users/erncn/Desktop

// dosya dizinindeki dosyaları listeleme
erncn@Quicks MINGW64 ~/Desktop (master)
$ ls
'~$Önyazı.docx'                         graduation.docx
'~$ver_Letter.docx'                     graduation.pdf
 17.05.2019_Diary.txt                   Graduation_Thesis_Presentation.pptx
 bir.png                                GraduationProject/
 blog/                                  iki.png
'C Programming - Kısayol.lnk'*         'Information_Theory - Kısayol.lnk'*
'Chemistry - Kısayol.lnk'*              mete.png
 Cover_Letter.docx                      murat.png
 Cover_Letter.txt                       niloya.png
 CV_duyuru.txt                          NotePad/
 desktop.ini                           'Optimizasyon - Kısayol.lnk'*
 dort.png                               Önyazı.docx
 EC4C0F562FE8E46B5E400CBD82F2E44A.pdf  'Power_System_Production - Kısayol.lnk'*
 Eren.png                              'survivor bird'/
 Eren_Graduation/                       TeamViewer.txt
 Eren_Graduation.rar                    uc.png
"Erencan's CV.pdf"                     'Yeni Metin Belgesi.txt'
 Flutter/                              'Yeni Microsoft Word Belgesi.docx'

// cd= change directory  gidilmek istenen dizin komutu
erncn@Quicks MINGW64 ~/Desktop (master)
$ cd Proje

// git dosyaları yükleme
erncn@Quicks MINGW64 ~/Desktop/Proje (master)
$ git init
Initialized empty Git repository in C:/Users/erncn/Desktop/Proje/.git/

// dizindeki dosyaları listeleme
erncn@Quicks MINGW64 ~/Desktop/Proje (master)
$   ls
git.txt  main.py

// git dosyaları yükleme
erncn@Quicks MINGW64 ~/Desktop/Proje (master)
$ git init
Reinitialized existing Git repository in C:/Users/erncn/Desktop/Proje/.git/

// git projeyi geçiş bölgesine ekleme
erncn@Quicks MINGW64 ~/Desktop/Proje (master)
$ git add .

// model ismi oluşturma
erncn@Quicks MINGW64 ~/Desktop/Proje (master)
$ git commit -m "first"
[master (root-commit) a6b419e] first
 2 files changed, 46 insertions(+)
 create mode 100644 git.txt
 create mode 100644 main.py

// oluşturulan modeli gösterme
erncn@Quicks MINGW64 ~/Desktop/Proje (master)
$ git log
commit a6b419e79dab53d3d89016eba488feb11166f99a (HEAD -> master)
Author: Erencan Cabuk <erncncbk@gmail.com>
Date:   Fri Jul 5 17:31:22 2019 +0300

    first
// dosya içinde değişiklik varmı bakma
erncn@Quicks MINGW64 ~/Desktop/Proje (master)
$ git status
On branch master
nothing to commit, working tree clean



// Yeni bir dosya ekleyip git durumunda geçiş bölgesine eklenmediğini ve commit edilmediğini  gösterme
erncn@Quicks MINGW64 ~/Desktop/Proje (master)
$ git status
On branch master
Untracked files:
  (use "git add <file>..." to include in what will be committed)

        cikarma.py

nothing added to commit but untracked files present (use "git add" to track)

// Eklenen dosyayı staging area (geçiş bölgesine) ekleme
erncn@Quicks MINGW64 ~/Desktop/Proje (master)
$ git add cikarma.py

// Geçiş bölgesine eklenen dosyanın commit edilmeye hazır olduğunu gösterme
erncn@Quicks MINGW64 ~/Desktop/Proje (master)
$ git status
On branch master
Changes to be committed:
  (use "git reset HEAD <file>..." to unstage)

        new file:   cikarma.py
// cikarma.py dosyasını commit etme
erncn@Quicks MINGW64 ~/Desktop/Proje (master)
$ git commit -m "cikarma methodu"
[master d0a03f7] cikarma methodu
 1 file changed, 2 insertions(+)
 create mode 100644 cikarma.py

// dosya durumunu kontrol etme eklenilcek birşey olmadığını görme
erncn@Quicks MINGW64 ~/Desktop/Proje (master)
$ git status
On branch master
nothing to commit, working tree clean

// git log komutuyla eklenilen versiyonları listeleme
erncn@Quicks MINGW64 ~/Desktop/Proje (master)
$ git log
commit d0a03f7bd12e8b8c0f7f490792870f66f8bd9b11 (HEAD -> master)
Author: Erencan Cabuk <erncncbk@gmail.com>
Date:   Fri Jul 5 17:41:58 2019 +0300

    cikarma methodu

commit a6b419e79dab53d3d89016eba488feb11166f99a
Author: Erencan Cabuk <erncncbk@gmail.com>
Date:   Fri Jul 5 17:31:22 2019 +0300

    first

// Dosya içine carpma.py ve bölme.py adlı iki dosyanın durumunu kontrol etme
// ikiside geçiş bölgesine eklememiş ve commit edilmemiş durumda 
erncn@Quicks MINGW64 ~/Desktop/Proje (master)
$ git status
On branch master
Untracked files:
  (use "git add <file>..." to include in what will be committed)

        bolme.py
        carpma.py

nothing added to commit but untracked files present (use "git add" to track)
// Sadece carpma.py yi geçiş bölgesine ekleme
erncn@Quicks MINGW64 ~/Desktop/Proje (master)
$ git add carpma.py

//carpma.py nin commit edilmeye hazır olduğunu görme ve bolme.py nin geçiş bölgesine eklenmeidğini ve commit edilcek durumda olmadığını görme
erncn@Quicks MINGW64 ~/Desktop/Proje (master)
$ git status
On branch master
Changes to be committed:
  (use "git reset HEAD <file>..." to unstage)

        new file:   carpma.py

Untracked files:
  (use "git add <file>..." to include in what will be committed)

        bolme.py

// bolme.py geçiş bölgesine ekleme
erncn@Quicks MINGW64 ~/Desktop/Proje (master)
$ git add bolme.py

// iki dosyanında commit edilmeye hazır olduğunu görme
erncn@Quicks MINGW64 ~/Desktop/Proje (master)
$ git status
On branch master
Changes to be committed:
  (use "git reset HEAD <file>..." to unstage)

        new file:   bolme.py
        new file:   carpma.py

// Dosyaları commit etme
erncn@Quicks MINGW64 ~/Desktop/Proje (master)
$ git commit -m "bolme ve carpma dosyaları eklendi"
[master ed780c2] bolme ve carpma dosyaları eklendi
 2 files changed, 0 insertions(+), 0 deletions(-)
 create mode 100644 bolme.py
 create mode 100644 carpma.py

// Dosyaların versiyonlarına ve isimlerini listeleme
erncn@Quicks MINGW64 ~/Desktop/Proje (master)
$ git log
commit ed780c2f8c1bbafb95a74c5ff02a38777501df8b (HEAD -> master)
Author: Erencan Cabuk <erncncbk@gmail.com>
Date:   Fri Jul 5 17:54:34 2019 +0300

    bolme ve carpma dosyaları eklendi

commit d0a03f7bd12e8b8c0f7f490792870f66f8bd9b11
Author: Erencan Cabuk <erncncbk@gmail.com>
Date:   Fri Jul 5 17:41:58 2019 +0300

    cikarma methodu

commit a6b419e79dab53d3d89016eba488feb11166f99a
Author: Erencan Cabuk <erncncbk@gmail.com>
Date:   Fri Jul 5 17:31:22 2019 +0300

    first

// main.py dosyasında değişiklik yapılmıştı onu görme (modified edilmiş)
erncn@Quicks MINGW64 ~/Desktop/Proje (master)
$ git status
On branch master
Changes not staged for commit:
  (use "git add <file>..." to update what will be committed)
  (use "git checkout -- <file>..." to discard changes in working directory)

        modified:   main.py

no changes added to commit (use "git add" and/or "git commit -a")


//ekleme yapılan kodları başında + kodlarıyla gösterme ve yeşil

erncn@Quicks MINGW64 ~/Desktop/Proje (master)
$ git diff
diff --git a/main.py b/main.py
index af9913d..042a4d8 100644
--- a/main.py
+++ b/main.py
@@ -1,3 +1,6 @@
 def topla(x,y):

-       return x+y
\ No newline at end of file
+       return x+y
+
+def merhaba ():
+       print("Merhaba")

// aynı şekilde tekrardan geçiş bölgesine gönderme

erncn@Quicks MINGW64 ~/Desktop/Proje (master)
$ git add .

// Dosyayı commit etme
erncn@Quicks MINGW64 ~/Desktop/Proje (master)
$ git commit -m "Ekleme Yapıldı"
[master f15eacb] Ekleme Yapıldı
 1 file changed, 4 insertions(+), 1 deletion(-)


// Versiyonları listeleme
erncn@Quicks MINGW64 ~/Desktop/Proje (master)
$ git log
commit f15eacbfda4c0a187fe279111dc75822842f2cd8 (HEAD -> master)
Author: Erencan Cabuk <erncncbk@gmail.com>
Date:   Fri Jul 5 18:01:45 2019 +0300

    Ekleme Yapıldı

commit ed780c2f8c1bbafb95a74c5ff02a38777501df8b
Author: Erencan Cabuk <erncncbk@gmail.com>
Date:   Fri Jul 5 17:54:34 2019 +0300

    bolme ve carpma dosyaları eklendi

commit d0a03f7bd12e8b8c0f7f490792870f66f8bd9b11
Author: Erencan Cabuk <erncncbk@gmail.com>
Date:   Fri Jul 5 17:41:58 2019 +0300

    cikarma methodu

commit a6b419e79dab53d3d89016eba488feb11166f99a
Author: Erencan Cabuk <erncncbk@gmail.com>
Date:   Fri Jul 5 17:31:22 2019 +0300

    first


// Dosyalarda değişiklik yapıldığını gösteriyor. cikarma.py de def fonksiyonu silinmiş (-)
// main.py de topla fonksiyonu silinmiş(-) carpma fonk. eklenmiş(+)

erncn@Quicks MINGW64 ~/Desktop/Proje (master)
$ git diff
diff --git a/cikarma.py b/cikarma.py
index 5f990c6..e69de29 100644
--- a/cikarma.py
+++ b/cikarma.py
@@ -1,2 +0,0 @@
-def cikarma(x,y):
-       return x-y
\ No newline at end of file
diff --git a/main.py b/main.py
index 042a4d8..2db780d 100644
--- a/main.py
+++ b/main.py
@@ -1,6 +1,10 @@
-def topla(x,y):
+def carpma(x,y):

-       return x+y
+       return x*y
+

 def merhaba ():
        print("Merhaba")

// değişiklikleri geçiş bölgesine ekleme 

erncn@Quicks MINGW64 ~/Desktop/Proje (master)
$ git add .
// geçiş bölgesine eklendiği için değişiklikler görünmüyor
erncn@Quicks MINGW64 ~/Desktop/Proje (master)
$ git diff

// geçiş bölgesi ve git deposu arasındaki farklılıkları göstermek için 

erncn@Quicks MINGW64 ~/Desktop/Proje (master)
$  git diff --staged
diff --git a/cikarma.py b/cikarma.py
index 5f990c6..e69de29 100644
--- a/cikarma.py
+++ b/cikarma.py
@@ -1,2 +0,0 @@
-def cikarma(x,y):
-       return x-y
\ No newline at end of file
diff --git a/main.py b/main.py
index 042a4d8..2db780d 100644
--- a/main.py
+++ b/main.py
@@ -1,6 +1,10 @@
-def topla(x,y):
+def carpma(x,y):

-       return x+y
+       return x*y
+
+
+
+

 def merhaba ():
        print("Merhaba")


//Değişiklikleri commit etme

erncn@Quicks MINGW64 ~/Desktop/Proje (master)
$ git commit -m "değişiklikler yapıldı"
[master 5a09569] değişiklikler yapıldı
 2 files changed, 6 insertions(+), 4 deletions(-)


/////// *********** SILME *********
********* YONTEM 1************
// Dosyadan manuel olarak carpma.py yi sildim
// Sonradan dosya durumuna baktım dosya silinmiş görünüyor.
erncn@Quicks MINGW64 ~/Desktop/Proje (master)
$ git status
On branch master
Changes not staged for commit:
  (use "git add/rm <file>..." to update what will be committed)
  (use "git checkout -- <file>..." to discard changes in working directory)

        deleted:    carpma.py

no changes added to commit (use "git add" and/or "git commit -a")
//Sılınen dosyayı git rm veya git add komutuyla tekrardan geçiş bölgesine alma
erncn@Quicks MINGW64 ~/Desktop/Proje (master)
$ git rm carpma.py
rm 'carpma.py'
// silinen carpma.py nin geçiş bölgesine alındığı ve commit edilip silinebileceğini gösterme
erncn@Quicks MINGW64 ~/Desktop/Proje (master)
$ git status
On branch master
Changes to be committed:
  (use "git reset HEAD <file>..." to unstage)

        deleted:    carpma.py

// commit etme ve carpma.py silindi
erncn@Quicks MINGW64 ~/Desktop/Proje (master)
$ git commit -m "carpma.py silindi"
[master de2aace] carpma.py silindi
 1 file changed, 0 insertions(+), 0 deletions(-)
 delete mode 100644 carpma.py
// Sıkıntı var mı yok mu durumu kontrol etme 
erncn@Quicks MINGW64 ~/Desktop/Proje (master)
$ git status
On branch master
nothing to commit, working tree clean
********* YONTEM 2************
// **** GIT CONSOLUNDAN SİLME *****

// rm (remove) ile kolayca git deposundan silme
erncn@Quicks MINGW64 ~/Desktop/Proje (master)
$ git rm bolme.py
rm 'bolme.py'
// Durum kontrol etme commit edilmeye hazır

erncn@Quicks MINGW64 ~/Desktop/Proje (master)
$ git status
On branch master
Changes to be committed:
  (use "git reset HEAD <file>..." to unstage)

        deleted:    bolme.py

// Dosyayı commit edip git deposuna bildirmek gerekli

erncn@Quicks MINGW64 ~/Desktop/Proje (master)
$ git commit -m "bolme.py silindi"
[master e1a64ea] bolme.py silindi
 1 file changed, 0 insertions(+), 0 deletions(-)
 delete mode 100644 bolme.py

//Durum kontrolu sıkıntı yok
erncn@Quicks MINGW64 ~/Desktop/Proje (master)
$ git status
On branch master
nothing to commit, working tree clean
 //******* DOSYA SİLME ***********
// Durum kontrolu
erncn@Quicks MINGW64 ~/Desktop/Proje (master)
$ git status
On branch master
Untracked files:
  (use "git add <file>..." to include in what will be committed)

        Silinecekler/

nothing added to commit but untracked files present (use "git add" to track)
//Dosyayı geçiş bölgesine ekleme
erncn@Quicks MINGW64 ~/Desktop/Proje (master)
$ git add .
// Dosyayı commit edip depoya ekleme
erncn@Quicks MINGW64 ~/Desktop/Proje (master)
$ git commit -m "klasör oluşturuldu"
[master d58469f] klasör oluşturuldu
 2 files changed, 0 insertions(+), 0 deletions(-)
 create mode 100644 Silinecekler/1.txt
 create mode 100644 Silinecekler/2.txt

/// Dosyayı ve içindekileri -r parametresiyle kolayca silme

erncn@Quicks MINGW64 ~/Desktop/Proje (master)
$ git rm -r Silinecekler/
rm 'Silinecekler/1.txt'
rm 'Silinecekler/2.txt'

// Durum kontrolu git deposuna commit edilmesi lazım.
erncn@Quicks MINGW64 ~/Desktop/Proje (master)
$ git status
On branch master
Changes to be committed:
  (use "git reset HEAD <file>..." to unstage)

        deleted:    Silinecekler/1.txt
        deleted:    Silinecekler/2.txt

//git deposuna haber verme commit etme

erncn@Quicks MINGW64 ~/Desktop/Proje (master)
$ git commit -m "klasor silindi"
[master 6cef789] klasor silindi
 2 files changed, 0 insertions(+), 0 deletions(-)
 delete mode 100644 Silinecekler/1.txt
 delete mode 100644 Silinecekler/2.txt


************ ISIM DEĞIŞİKLİĞİ ***********
*********YONTEM 1 MANUEL **************
//Durum kontrolu dosya silinmiş yerine yeni adı yazılmış
erncn@Quicks MINGW64 ~/Desktop/Proje (master)
$ git status
On branch master
Changes not staged for commit:
  (use "git add/rm <file>..." to update what will be committed)
  (use "git checkout -- <file>..." to discard changes in working directory)

        deleted:    cikarma.py

Untracked files:
  (use "git add <file>..." to include in what will be committed)

        bos.py

no changes added to commit (use "git add" and/or "git commit -a")

// Geçiş bölgesine bildir durumu
erncn@Quicks MINGW64 ~/Desktop/Proje (master)
$ git add .

// Geçiş bölgesine bildirildi commit edilmeye hazır
erncn@Quicks MINGW64 ~/Desktop/Proje (master)
$ git status
On branch master
Changes to be committed:
  (use "git reset HEAD <file>..." to unstage)

        renamed:    cikarma.py -> bos.py

//Commit edildi
erncn@Quicks MINGW64 ~/Desktop/Proje (master)
$ git commit -m "isim değiştirildi"
[master 42f6b2c] isim değiştirildi
 1 file changed, 0 insertions(+), 0 deletions(-)
 rename cikarma.py => bos.py (100%)

//Sürümler Listelendi
erncn@Quicks MINGW64 ~/Desktop/Proje (master)
$ git log
commit 42f6b2c4a277b2c9c0fb86f4c0cd7406f4b02b0b (HEAD -> master)
Author: Erencan Cabuk <erncncbk@gmail.com>
Date:   Fri Jul 5 18:44:20 2019 +0300

    isim değiştirildi

commit 6cef789bfac0064e88d480fd6b8b9e94351e72fb
Author: Erencan Cabuk <erncncbk@gmail.com>
Date:   Fri Jul 5 18:40:20 2019 +0300

    klasor silindi

commit d58469fc894b0c2957a9731bc30ac720af8f25fe
Author: Erencan Cabuk <erncncbk@gmail.com>
Date:   Fri Jul 5 18:36:06 2019 +0300

    klasör oluşturuldu

commit e1a64eae3ab607d5f8a37fc5fa9d227bc05be3bf
Author: Erencan Cabuk <erncncbk@gmail.com>
Date:   Fri Jul 5 18:34:23 2019 +0300

    bolme.py silindi

commit de2aace6427160f2c76f5b92cc372afc2dd3faa8
Author: Erencan Cabuk <erncncbk@gmail.com>
Date:   Fri Jul 5 18:29:22 2019 +0300
:




